// Jest Snapshot v1, https://goo.gl/fbAQLP

exports[`HomeScreen should match the snapshot 1`] = `
<Component
  style={
    Object {
      "alignItems": "center",
      "backgroundColor": "#fff",
      "flex": 1,
      "justifyContent": "center",
    }
  }
>
  <Text
    accessible={true}
    allowFontScaling={true}
    ellipsizeMode="tail"
  >
    Welcome to NFectionary
  </Text>
  <Text
    accessible={true}
    allowFontScaling={true}
    ellipsizeMode="tail"
  >
    Select a state or use your location
  </Text>
  <TouchableOpacity
    accessibilityLabel="Use your current location"
    activeOpacity={0.2}
    onPress={[Function]}
    style={
      Object {
        "alignItems": "center",
        "backgroundColor": "#DDDDDD",
        "padding": 10,
      }
    }
    title="Current Location"
  >
    <Text
      accessible={true}
      allowFontScaling={true}
      ellipsizeMode="tail"
    >
       Get Started 
    </Text>
  </TouchableOpacity>
  <ModalDropdown
    animated={true}
    defaultIndex={-1}
    defaultValue="Select State"
    disabled={false}
    keyboardShouldPersistTaps="never"
    onSelect={[Function]}
    options={Array []}
    scrollEnabled={true}
    showsVerticalScrollIndicator={true}
  />
</Component>
`;
